// Jest Snapshot v1, https://goo.gl/fbAQLP

exports[`List View Renders Correctly 1`] = `""`;

exports[`List View Renders Correctly 2`] = `""`;
